// Jest Snapshot v1, https://goo.gl/fbAQLP

exports[`ColorWallFacet routes should match snapshot 1`] = `"/active/color-wall"`;
