// Jest Snapshot v1, https://goo.gl/fbAQLP

exports[`EnvAdapter should match snapshot 1`] = `
<EnvAdapter
  store={Object {}}
>
  <script />
</EnvAdapter>
`;
