// Jest Snapshot v1, https://goo.gl/fbAQLP

exports[`StaticTintScene with props should match snapshot with props 1`] = `
<ImagePreloader
  background="https://sherwin.scene7.com/is/image/sw?src=ir{swRender/hd_livingroom6_day?wid=300}&qlt=80"
  el={[Function]}
  height={792}
  interactive={false}
  preload={
    Array [
      undefined,
      undefined,
      undefined,
      undefined,
      "https://sherwin.scene7.com/is/image/sw?src=ir{swRender/hd_livingroom6_day?wid=1280&req=object&opac=100&fmt=png8&object=wall&color=000000}&fmt=png8&bgColor=FFFFFF&op_invert=1",
      "https://sherwin.scene7.com/is/image/sw?src=ir{swRender/hd_livingroom6_day?wid=1280&req=object&opac=100&fmt=png8&object=accent&color=000000}&fmt=png8&bgColor=FFFFFF&op_invert=1",
      "https://sherwin.scene7.com/is/image/sw?src=ir{swRender/hd_livingroom6_day?wid=1280&req=object&opac=100&fmt=png8&object=trim&color=000000}&fmt=png8&bgColor=FFFFFF&op_invert=1",
      undefined,
      undefined,
      undefined,
    ]
  }
  sceneId={1}
  surfaceStatus={
    Array [
      Object {
        "color": Object {
          "blue": 219,
          "brandKey": "SW",
          "colorFamilyNames": Array [
            "Red",
          ],
          "colorNumber": "6561",
          "coordinatingColors": Object {
            "coord1ColorId": 2250,
            "coord2ColorId": 1926,
            "whiteColorId": 2681,
          },
          "cssrgb": "rgb(235,209,219)",
          "description": Array [
            "Subdued",
            "Muted",
            "Brilliant",
            "Radiant",
          ],
          "green": 209,
          "hex": "#ebd1db",
          "hue": 0.935897435897436,
          "id": "2248",
          "isDark": false,
          "isExterior": true,
          "isInterior": true,
          "lightness": 0.8705882352941177,
          "lrv": 68.551,
          "name": "Teaberry",
          "red": 235,
          "rgb": 15454683,
          "saturation": 0.39393939393939387,
          "similarColors": Array [
            "2255",
            "2262",
            "2269",
            "2662",
            "2535",
            "2276",
            "2658",
            "1974",
            "2543",
            "2531",
          ],
          "storeStripLocator": "102-C1",
        },
        "id": 1,
      },
      Object {
        "color": Object {
          "blue": 219,
          "brandKey": "SW",
          "colorFamilyNames": Array [
            "Red",
          ],
          "colorNumber": "6561",
          "coordinatingColors": Object {
            "coord1ColorId": 2250,
            "coord2ColorId": 1926,
            "whiteColorId": 2681,
          },
          "cssrgb": "rgb(235,209,219)",
          "description": Array [
            "Subdued",
            "Muted",
            "Brilliant",
            "Radiant",
          ],
          "green": 209,
          "hex": "#ebd1db",
          "hue": 0.935897435897436,
          "id": "2248",
          "isDark": false,
          "isExterior": true,
          "isInterior": true,
          "lightness": 0.8705882352941177,
          "lrv": 68.551,
          "name": "Teaberry",
          "red": 235,
          "rgb": 15454683,
          "saturation": 0.39393939393939387,
          "similarColors": Array [
            "2255",
            "2262",
            "2269",
            "2662",
            "2535",
            "2276",
            "2658",
            "1974",
            "2543",
            "2531",
          ],
          "storeStripLocator": "102-C1",
        },
        "id": 2,
      },
      Object {
        "color": Object {
          "blue": 219,
          "brandKey": "SW",
          "colorFamilyNames": Array [
            "Red",
          ],
          "colorNumber": "6561",
          "coordinatingColors": Object {
            "coord1ColorId": 2250,
            "coord2ColorId": 1926,
            "whiteColorId": 2681,
          },
          "cssrgb": "rgb(235,209,219)",
          "description": Array [
            "Subdued",
            "Muted",
            "Brilliant",
            "Radiant",
          ],
          "green": 209,
          "hex": "#ebd1db",
          "hue": 0.935897435897436,
          "id": "2248",
          "isDark": false,
          "isExterior": true,
          "isInterior": true,
          "lightness": 0.8705882352941177,
          "lrv": 68.551,
          "name": "Teaberry",
          "red": 235,
          "rgb": 15454683,
          "saturation": 0.39393939393939387,
          "similarColors": Array [
            "2255",
            "2262",
            "2269",
            "2662",
            "2535",
            "2276",
            "2658",
            "1974",
            "2543",
            "2531",
          ],
          "storeStripLocator": "102-C1",
        },
        "id": 3,
      },
    ]
  }
  surfaces={
    Array [
      Object {
        "hitArea": "/prism/images/scenes/rooms/2/m1.svg",
        "id": 1,
        "mask": "https://sherwin.scene7.com/is/image/sw?src=ir{swRender/hd_livingroom6_day?wid=1280&req=object&opac=100&fmt=png8&object=wall&color=000000}&fmt=png8&bgColor=FFFFFF&op_invert=1",
        "role": "main",
      },
      Object {
        "hitArea": "/prism/images/scenes/rooms/2/m2.svg",
        "id": 2,
        "mask": "https://sherwin.scene7.com/is/image/sw?src=ir{swRender/hd_livingroom6_day?wid=1280&req=object&opac=100&fmt=png8&object=accent&color=000000}&fmt=png8&bgColor=FFFFFF&op_invert=1",
        "role": "main",
      },
      Object {
        "hitArea": "/prism/images/scenes/rooms/2/m3.svg",
        "id": 3,
        "mask": "https://sherwin.scene7.com/is/image/sw?src=ir{swRender/hd_livingroom6_day?wid=1280&req=object&opac=100&fmt=png8&object=trim&color=000000}&fmt=png8&bgColor=FFFFFF&op_invert=1",
        "role": "trim",
      },
    ]
  }
  type="rooms"
  width={1311}
/>
`;
