// Jest Snapshot v1, https://goo.gl/fbAQLP

exports[`Snapshot Testing component should match snapshot 1`] = `
<svg
  className="prism-scene-manager__scene__surface"
  preserveAspectRatio="none"
  version="1.1"
  viewBox="0 0 100px 100px"
  xmlns="http://www.w3.org/2000/svg"
  xmlnsXlink="http://www.w3.org/1999/xlink"
/>
`;
