// Jest Snapshot v1, https://goo.gl/fbAQLP

exports[`Coordinary Color Swatch component will pass props correctly snapshot testing 1`] = `
<div
  className="generic-message "
>
  <div
    className="generic-message__inner"
  />
</div>
`;
